
> portfolio@0.1.0 build
> next build

Γû▓ Next.js 16.2.2 (Turbopack)

  Creating an optimized production build ...
node.exe : 
At line:1 char:1
+ & "C:\Program 
Files\nodejs/node.exe" 
"C:\Program 
Files\nodejs/node_mo ...
+ ~~~~~~~~~~~~~~~~~~~~~~~~~
~~~~~~~~~~~~~~~~~~~~~~~~~~~
~~~~~~~~~~~~~~~~~
    + CategoryInfo         
     : NotSpecified: (:St  
  ring) [], RemoteExcept   
 ion
    + FullyQualifiedErrorI 
   d : NativeCommandError
 
> Build error occurred
Error: Turbopack build 
failed with 10 errors:
./src/components/Contact.ts
x:6:1
Export Github doesn't 
exist in target module
  [90m4 |[0m 
[36mimport[0m { motion } 
[36mfrom[0m 
[32m"framer-motion"[0m;
  [90m5 |[0m 
[36mimport[0m { profile 
} [36mfrom[0m [32m"@/dat
a/portfolio"[0m;
[31m[1m>[0m [90m6 
|[0m [36mimport[0m { 
[33mMail[0m, 
[33mGithub[0m, 
[33mLinkedin[0m, 
[33mPhone[0m, 
[33mMapPin[0m, 
[33mSend[0m, 
[33mMessageCircle[0m } 
[36mfrom[0m 
[32m"lucide-react"[0m;
  [90m  |[0m [31m[1m^^^
^^^^^^^^^^^^^^^^^^^^^^^^^^^
^^^^^^^^^^^^^^^^^^^^^^^^^^^
^^^^^^^^^^^^^^^^^^^^^^^^^^^
^^^^^^[0m
  [90m7 |[0m
  [90m8 |[0m 
[36mexport[0m 
[36mconst[0m 
[33mContact[0m = () => {
  [90m9 |[0m   
[36mreturn[0m (

The export Github was not 
found in module [project]/n
ode_modules/lucide-react/di
st/esm/lucide-react.js 
[app-client] (ecmascript).
Did you mean to import 
Gift?
All exports of the module 
are statically known (It 
doesn't have dynamic 
exports). So it's known 
statically that the 
requested export doesn't 
exist.

Import trace:
  Server Component:
    ./src/components/Contac
t.tsx
    ./src/app/page.tsx


./src/components/Contact.ts
x:6:1
Export Github doesn't 
exist in target module
  [90m4 |[0m 
[36mimport[0m { motion } 
[36mfrom[0m 
[32m"framer-motion"[0m;
  [90m5 |[0m 
[36mimport[0m { profile 
} [36mfrom[0m [32m"@/dat
a/portfolio"[0m;
[31m[1m>[0m [90m6 
|[0m [36mimport[0m { 
[33mMail[0m, 
[33mGithub[0m, 
[33mLinkedin[0m, 
[33mPhone[0m, 
[33mMapPin[0m, 
[33mSend[0m, 
[33mMessageCircle[0m } 
[36mfrom[0m 
[32m"lucide-react"[0m;
  [90m  |[0m [31m[1m^^^
^^^^^^^^^^^^^^^^^^^^^^^^^^^
^^^^^^^^^^^^^^^^^^^^^^^^^^^
^^^^^^^^^^^^^^^^^^^^^^^^^^^
^^^^^^[0m
  [90m7 |[0m
  [90m8 |[0m 
[36mexport[0m 
[36mconst[0m 
[33mContact[0m = () => {
  [90m9 |[0m   
[36mreturn[0m (

The export Github was not 
found in module [project]/n
ode_modules/lucide-react/di
st/esm/lucide-react.js 
[app-ssr] (ecmascript).
Did you mean to import 
Gift?
All exports of the module 
are statically known (It 
doesn't have dynamic 
exports). So it's known 
statically that the 
requested export doesn't 
exist.

Import trace:
  Server Component:
    ./src/components/Contac
t.tsx
    ./src/app/page.tsx


./src/components/Hero.tsx:6
:1
Export Github doesn't 
exist in target module
  [90m4 |[0m 
[36mimport[0m { motion } 
[36mfrom[0m 
[32m"framer-motion"[0m;
  [90m5 |[0m 
[36mimport[0m { profile 
} [36mfrom[0m [32m"@/dat
a/portfolio"[0m;
[31m[1m>[0m [90m6 
|[0m [36mimport[0m { 
[33mArrowRight[0m, 
[33mDownload[0m, 
[33mGithub[0m, 
[33mLinkedin[0m, 
[33mMail[0m } 
[36mfrom[0m 
[32m"lucide-react"[0m;
  [90m  |[0m [31m[1m^^^
^^^^^^^^^^^^^^^^^^^^^^^^^^^
^^^^^^^^^^^^^^^^^^^^^^^^^^^
^^^^^^^^^^^^^^^^^^^[0m
  [90m7 |[0m
  [90m8 |[0m 
[36mexport[0m 
[36mconst[0m 
[33mHero[0m = () => {
  [90m9 |[0m   
[36mconst[0m 
[displayText, 
setDisplayText] = 
useState([32m""[0m);

The export Github was not 
found in module [project]/n
ode_modules/lucide-react/di
st/esm/lucide-react.js 
[app-client] (ecmascript).
Did you mean to import 
Gift?
All exports of the module 
are statically known (It 
doesn't have dynamic 
exports). So it's known 
statically that the 
requested export doesn't 
exist.

Import trace:
  Server Component:
    
./src/components/Hero.tsx
    ./src/app/page.tsx


./src/components/Hero.tsx:6
:1
Export Github doesn't 
exist in target module
  [90m4 |[0m 
[36mimport[0m { motion } 
[36mfrom[0m 
[32m"framer-motion"[0m;
  [90m5 |[0m 
[36mimport[0m { profile 
} [36mfrom[0m [32m"@/dat
a/portfolio"[0m;
[31m[1m>[0m [90m6 
|[0m [36mimport[0m { 
[33mArrowRight[0m, 
[33mDownload[0m, 
[33mGithub[0m, 
[33mLinkedin[0m, 
[33mMail[0m } 
[36mfrom[0m 
[32m"lucide-react"[0m;
  [90m  |[0m [31m[1m^^^
^^^^^^^^^^^^^^^^^^^^^^^^^^^
^^^^^^^^^^^^^^^^^^^^^^^^^^^
^^^^^^^^^^^^^^^^^^^[0m
  [90m7 |[0m
  [90m8 |[0m 
[36mexport[0m 
[36mconst[0m 
[33mHero[0m = () => {
  [90m9 |[0m   
[36mconst[0m 
[displayText, 
setDisplayText] = 
useState([32m""[0m);

The export Github was not 
found in module [project]/n
ode_modules/lucide-react/di
st/esm/lucide-react.js 
[app-ssr] (ecmascript).
Did you mean to import 
Gift?
All exports of the module 
are statically known (It 
doesn't have dynamic 
exports). So it's known 
statically that the 
requested export doesn't 
exist.

Import trace:
  Server Component:
    
./src/components/Hero.tsx
    ./src/app/page.tsx


./src/components/Projects.t
sx:6:1
Export Github doesn't 
exist in target module
  [90m4 |[0m 
[36mimport[0m { motion, 
[33mAnimatePresence[0m } 
[36mfrom[0m 
[32m"framer-motion"[0m;
  [90m5 |[0m 
[36mimport[0m { projects 
} [36mfrom[0m [32m"@/dat
a/portfolio"[0m;
[31m[1m>[0m [90m6 
|[0m [36mimport[0m { 
[33mExternalLink[0m, 
[33mGithub[0m, 
[33mLayers[0m, 
[33mCode[0m, 
[33mGlobe[0m, 
[33mMessageSquare[0m } 
[36mfrom[0m 
[32m"lucide-react"[0m;
  [90m  |[0m [31m[1m^^^
^^^^^^^^^^^^^^^^^^^^^^^^^^^
^^^^^^^^^^^^^^^^^^^^^^^^^^^
^^^^^^^^^^^^^^^^^^^^^^^^^^^
^^^^[0m
  [90m7 |[0m 
[36mimport[0m 
[33mImage[0m 
[36mfrom[0m 
[32m"next/image"[0m;
  [90m8 |[0m
  [90m9 |[0m 
[36mconst[0m categories 
= [[32m"All"[0m, ...[33m
Array[0m.[36mfrom[0m([3
6mnew[0m [33mSet[0m(proj
ects.map(p => 
p.category)))];

The export Github was not 
found in module [project]/n
ode_modules/lucide-react/di
st/esm/lucide-react.js 
[app-client] (ecmascript).
Did you mean to import 
Gift?
All exports of the module 
are statically known (It 
doesn't have dynamic 
exports). So it's known 
statically that the 
requested export doesn't 
exist.

Import trace:
  Server Component:
    ./src/components/Projec
ts.tsx
    ./src/app/page.tsx


./src/components/Projects.t
sx:6:1
Export Github doesn't 
exist in target module
  [90m4 |[0m 
[36mimport[0m { motion, 
[33mAnimatePresence[0m } 
[36mfrom[0m 
[32m"framer-motion"[0m;
  [90m5 |[0m 
[36mimport[0m { projects 
} [36mfrom[0m [32m"@/dat
a/portfolio"[0m;
[31m[1m>[0m [90m6 
|[0m [36mimport[0m { 
[33mExternalLink[0m, 
[33mGithub[0m, 
[33mLayers[0m, 
[33mCode[0m, 
[33mGlobe[0m, 
[33mMessageSquare[0m } 
[36mfrom[0m 
[32m"lucide-react"[0m;
  [90m  |[0m [31m[1m^^^
^^^^^^^^^^^^^^^^^^^^^^^^^^^
^^^^^^^^^^^^^^^^^^^^^^^^^^^
^^^^^^^^^^^^^^^^^^^^^^^^^^^
^^^^[0m
  [90m7 |[0m 
[36mimport[0m 
[33mImage[0m 
[36mfrom[0m 
[32m"next/image"[0m;
  [90m8 |[0m
  [90m9 |[0m 
[36mconst[0m categories 
= [[32m"All"[0m, ...[33m
Array[0m.[36mfrom[0m([3
6mnew[0m [33mSet[0m(proj
ects.map(p => 
p.category)))];

The export Github was not 
found in module [project]/n
ode_modules/lucide-react/di
st/esm/lucide-react.js 
[app-ssr] (ecmascript).
Did you mean to import 
Gift?
All exports of the module 
are statically known (It 
doesn't have dynamic 
exports). So it's known 
statically that the 
requested export doesn't 
exist.

Import trace:
  Server Component:
    ./src/components/Projec
ts.tsx
    ./src/app/page.tsx


./src/components/Contact.ts
x:6:1
Export Linkedin doesn't 
exist in target module
  [90m4 |[0m 
[36mimport[0m { motion } 
[36mfrom[0m 
[32m"framer-motion"[0m;
  [90m5 |[0m 
[36mimport[0m { profile 
} [36mfrom[0m [32m"@/dat
a/portfolio"[0m;
[31m[1m>[0m [90m6 
|[0m [36mimport[0m { 
[33mMail[0m, 
[33mGithub[0m, 
[33mLinkedin[0m, 
[33mPhone[0m, 
[33mMapPin[0m, 
[33mSend[0m, 
[33mMessageCircle[0m } 
[36mfrom[0m 
[32m"lucide-react"[0m;
  [90m  |[0m [31m[1m^^^
^^^^^^^^^^^^^^^^^^^^^^^^^^^
^^^^^^^^^^^^^^^^^^^^^^^^^^^
^^^^^^^^^^^^^^^^^^^^^^^^^^^
^^^^^^[0m
  [90m7 |[0m
  [90m8 |[0m 
[36mexport[0m 
[36mconst[0m 
[33mContact[0m = () => {
  [90m9 |[0m   
[36mreturn[0m (

The export Linkedin was 
not found in module [projec
t]/node_modules/lucide-reac
t/dist/esm/lucide-react.js 
[app-client] (ecmascript).
Did you mean to import 
Link?
All exports of the module 
are statically known (It 
doesn't have dynamic 
exports). So it's known 
statically that the 
requested export doesn't 
exist.

Import trace:
  Server Component:
    ./src/components/Contac
t.tsx
    ./src/app/page.tsx


./src/components/Contact.ts
x:6:1
Export Linkedin doesn't 
exist in target module
  [90m4 |[0m 
[36mimport[0m { motion } 
[36mfrom[0m 
[32m"framer-motion"[0m;
  [90m5 |[0m 
[36mimport[0m { profile 
} [36mfrom[0m [32m"@/dat
a/portfolio"[0m;
[31m[1m>[0m [90m6 
|[0m [36mimport[0m { 
[33mMail[0m, 
[33mGithub[0m, 
[33mLinkedin[0m, 
[33mPhone[0m, 
[33mMapPin[0m, 
[33mSend[0m, 
[33mMessageCircle[0m } 
[36mfrom[0m 
[32m"lucide-react"[0m;
  [90m  |[0m [31m[1m^^^
^^^^^^^^^^^^^^^^^^^^^^^^^^^
^^^^^^^^^^^^^^^^^^^^^^^^^^^
^^^^^^^^^^^^^^^^^^^^^^^^^^^
^^^^^^[0m
  [90m7 |[0m
  [90m8 |[0m 
[36mexport[0m 
[36mconst[0m 
[33mContact[0m = () => {
  [90m9 |[0m   
[36mreturn[0m (

The export Linkedin was 
not found in module [projec
t]/node_modules/lucide-reac
t/dist/esm/lucide-react.js 
[app-ssr] (ecmascript).
Did you mean to import 
Link?
All exports of the module 
are statically known (It 
doesn't have dynamic 
exports). So it's known 
statically that the 
requested export doesn't 
exist.

Import trace:
  Server Component:
    ./src/components/Contac
t.tsx
    ./src/app/page.tsx


./src/components/Hero.tsx:6
:1
Export Linkedin doesn't 
exist in target module
  [90m4 |[0m 
[36mimport[0m { motion } 
[36mfrom[0m 
[32m"framer-motion"[0m;
  [90m5 |[0m 
[36mimport[0m { profile 
} [36mfrom[0m [32m"@/dat
a/portfolio"[0m;
[31m[1m>[0m [90m6 
|[0m [36mimport[0m { 
[33mArrowRight[0m, 
[33mDownload[0m, 
[33mGithub[0m, 
[33mLinkedin[0m, 
[33mMail[0m } 
[36mfrom[0m 
[32m"lucide-react"[0m;
  [90m  |[0m [31m[1m^^^
^^^^^^^^^^^^^^^^^^^^^^^^^^^
^^^^^^^^^^^^^^^^^^^^^^^^^^^
^^^^^^^^^^^^^^^^^^^[0m
  [90m7 |[0m
  [90m8 |[0m 
[36mexport[0m 
[36mconst[0m 
[33mHero[0m = () => {
  [90m9 |[0m   
[36mconst[0m 
[displayText, 
setDisplayText] = 
useState([32m""[0m);

The export Linkedin was 
not found in module [projec
t]/node_modules/lucide-reac
t/dist/esm/lucide-react.js 
[app-client] (ecmascript).
Did you mean to import 
Link?
All exports of the module 
are statically known (It 
doesn't have dynamic 
exports). So it's known 
statically that the 
requested export doesn't 
exist.

Import trace:
  Server Component:
    
./src/components/Hero.tsx
    ./src/app/page.tsx


./src/components/Hero.tsx:6
:1
Export Linkedin doesn't 
exist in target module
  [90m4 |[0m 
[36mimport[0m { motion } 
[36mfrom[0m 
[32m"framer-motion"[0m;
  [90m5 |[0m 
[36mimport[0m { profile 
} [36mfrom[0m [32m"@/dat
a/portfolio"[0m;
[31m[1m>[0m [90m6 
|[0m [36mimport[0m { 
[33mArrowRight[0m, 
[33mDownload[0m, 
[33mGithub[0m, 
[33mLinkedin[0m, 
[33mMail[0m } 
[36mfrom[0m 
[32m"lucide-react"[0m;
  [90m  |[0m [31m[1m^^^
^^^^^^^^^^^^^^^^^^^^^^^^^^^
^^^^^^^^^^^^^^^^^^^^^^^^^^^
^^^^^^^^^^^^^^^^^^^[0m
  [90m7 |[0m
  [90m8 |[0m 
[36mexport[0m 
[36mconst[0m 
[33mHero[0m = () => {
  [90m9 |[0m   
[36mconst[0m 
[displayText, 
setDisplayText] = 
useState([32m""[0m);

The export Linkedin was 
not found in module [projec
t]/node_modules/lucide-reac
t/dist/esm/lucide-react.js 
[app-ssr] (ecmascript).
Did you mean to import 
Link?
All exports of the module 
are statically known (It 
doesn't have dynamic 
exports). So it's known 
statically that the 
requested export doesn't 
exist.

Import trace:
  Server Component:
    
./src/components/Hero.tsx
    ./src/app/page.tsx


    at <unknown> (./src/com
ponents/Contact.tsx:6:1)
    at <unknown> (./src/com
ponents/Contact.tsx:6:1)
    at <unknown> (./src/com
ponents/Hero.tsx:6:1)
    at <unknown> (./src/com
ponents/Hero.tsx:6:1)
    at <unknown> (./src/com
ponents/Projects.tsx:6:1)
    at <unknown> (./src/com
ponents/Projects.tsx:6:1)
    at <unknown> (./src/com
ponents/Contact.tsx:6:1)
    at <unknown> (./src/com
ponents/Contact.tsx:6:1)
    at <unknown> (./src/com
ponents/Hero.tsx:6:1)
    at <unknown> (./src/com
ponents/Hero.tsx:6:1)
